<!DOCTYPE html>
<html>
  <head>
    <title>Effit Challenge</title>
    <meta charset="UTF-8">
    <link href="https://cdn.jsdelivr.net/npm/bulma@0.9.4/css/bulma.min.css" rel="stylesheet" type="text/css">
    <link href="https://cdnjs.cloudflare.com/ajax/libs/font-awesome/6.4.0/css/all.min.css" rel="stylesheet" type="text/css">
    <link href="/static/favicon-16x16.png" rel="icon" type="image/png" sizes="16x16">
    <link href="/static/favicon-32x32.png" rel="icon" type="image/png" sizes="32x32">
    <script src="https://unpkg.com/htmx.org@1.8.4" integrity="sha384-wg5Y/JwF7VxGk4zLsJEcAojRtlVp1FKKdGy1qN+OMtdq72WRvX/EdRdqg/LOhYeV" crossorigin="anonymous"></script>
    <script src="https://unpkg.com/htmx.org/dist/ext/multi-swap.js"></script>
  </head>
  <body hx-ext="multi-swap">
    <div class="is-flex is-flex-direction-column" id="EffitUi">
      <nav class="navbar is-primary">
        <div class="navbar-menu is-size-5">
          <div class="navbar-start" hx-boost="true"><a href="/" class="navbar-item is-size-5">Home</a>
            <div class="navbar-item has-dropdown is-hoverable"><a class="navbar-link">More</a>
              <div class="navbar-dropdown" hx-boost="true"><a href="/about" class="navbar-item is-size-5">About</a>
                <hr class="navbar-divider">
<a href="/" class="navbar-item is-size-5">Report an issue</a></div>
            </div>
          </div>
          <div class="navbar-end">
            <div class="navbar-item">
              <div class="media">
                <div class="media-left">
                  <figure class="image is-48x48"><img alt="Placeholder image" src="image-url"></figure>
                </div>
                <div class="media-content">
                  <p class="is-4">JetBrains</p>
                </div>
              </div>
            </div>
          </div>
        </div>
      </nav>
      <section class="section is-flex-grow-5" id="routed-content">
        <div id="home">
          <div class="container">
            <p>This is the home view...</p>
            <p>Lorem ipsum dolor sit amet, consectetur adipiscing elit. Donec a auctor augue. Aenean eget faucibus est. Nullam vestibulum vitae libero at dapibus. Ut urna libero, ultrices eget metus a, pharetra vestibulum lectus. Proin nisi nisi, porttitor sit amet condimentum elementum, scelerisque et nisi. Vestibulum non risus in urna suscipit ornare. Pellentesque lorem ipsum, pulvinar id erat elementum, placerat ultricies massa. Nullam venenatis ex vitae aliquam lacinia. Vestibulum est mi, faucibus ac odio id, dignissim fermentum augue.
Ut vehicula est eget purus laoreet euismod. Morbi eleifend leo eu sapien lacinia dapibus. Suspendisse sed est rhoncus, hendrerit neque quis, euismod magna. Phasellus diam mauris, fringilla eu egestas ut, pellentesque vel odio. Nunc pulvinar nisl in dui auctor interdum. Donec quis erat ac augue imperdiet ultrices. Duis et faucibus quam. Donec convallis dictum volutpat. Vestibulum sed elit sit amet risus sollicitudin posuere pretium vel mauris. Aliquam luctus magna vitae sollicitudin tempus. Maecenas felis orci, mollis et imperdiet vestibulum, lobortis quis elit. Mauris semper quis enim ut vestibulum.
Integer quis est et erat rhoncus tincidunt. Donec eleifend bibendum leo nec rutrum. Nunc maximus est eget eros sodales, sed volutpat magna sodales. Integer fermentum ipsum vel lacus viverra feugiat. Pellentesque ac tincidunt arcu. Mauris elit nunc, posuere congue malesuada a, scelerisque vel sem. Aenean eu est a libero venenatis imperdiet. Nam egestas quam turpis, at eleifend ipsum accumsan vitae. Nullam id mi et lacus scelerisque ornare nec non sem. Nulla vel augue iaculis, blandit mauris pulvinar, mollis massa. Fusce est tortor, commodo quis vestibulum id, pharetra id metus. Nam mi est, laoreet ut pretium eget, efficitur quis nisi. Aenean venenatis sagittis suscipit. Vestibulum a gravida ex.
In malesuada aliquam leo, sit amet pellentesque nibh ultricies vulputate. Aliquam fringilla porta turpis, a congue arcu commodo at. Suspendisse potenti. Integer vel metus lorem. Sed posuere elementum lectus, quis tincidunt nunc vestibulum eu. Pellentesque nec mauris leo. Nullam scelerisque fermentum tellus, vitae hendrerit dolor rutrum et. Cras metus justo, placerat eu eros sit amet, pretium feugiat orci. Aenean ac facilisis odio. Vestibulum non egestas orci. Maecenas rhoncus sem at ornare mattis. Proin ultricies tempus nunc porta fermentum. Nunc varius libero ut elit laoreet efficitur. Nulla lacinia euismod quam eget tristique. Integer sit amet urna id velit venenatis eleifend nec et arcu.
Mauris tincidunt id arcu non euismod. Cras nec eleifend enim. Proin nisi eros, vulputate id elit sed, eleifend dapibus lectus. Donec consectetur ipsum et ex sollicitudin euismod. Etiam varius pharetra feugiat. Aliquam consectetur finibus nunc, at tristique dui ultrices at. Suspendisse potenti. Quisque quis dignissim risus, eu ultrices elit. Nulla convallis commodo risus, a vulputate ligula suscipit vel.
</p>
          </div>
        </div>
      </section>
      <footer class="footer" id="footer">
        <div class="has-text-centered">
          <p><strong>Effit</strong> made with ❤️ by <a href="https://github.com/sch3lp">Sch3lp</a></p>
        </div>
      </footer>
    </div>
  </body>
</html>
